
===========================================================================
 report_power
============================================================================
======================= nom_tt_025C_1v80 Corner ===================================

Group                    Internal    Switching      Leakage        Total
                            Power        Power        Power        Power (Watts)
------------------------------------------------------------------------
Sequential           4.608479e-05 1.340759e-06 3.023115e-10 4.742585e-05  46.5%
Combinational        8.008609e-06 1.342067e-05 3.505400e-10 2.142963e-05  21.0%
Clock                2.102335e-05 1.208406e-05 1.536107e-10 3.310756e-05  32.5%
Macro                0.000000e+00 0.000000e+00 0.000000e+00 0.000000e+00   0.0%
Pad                  0.000000e+00 0.000000e+00 0.000000e+00 0.000000e+00   0.0%
------------------------------------------------------------------------
Total                7.511673e-05 2.684549e-05 8.064616e-10 1.019630e-04 100.0%
                            73.7%        26.3%         0.0%
Writing metric power__internal__total: 7.511673175031319e-5
Writing metric power__switching__total: 2.68454914476024e-5
Writing metric power__leakage__total: 8.064616197067664e-10
Writing metric power__total: 0.00010196302901022136

