
===========================================================================
 report_power
============================================================================
======================= min_ff_n40C_1v95 Corner ===================================

Group                    Internal    Switching      Leakage        Total
                            Power        Power        Power        Power (Watts)
------------------------------------------------------------------------
Sequential           5.354162e-05 1.443265e-06 3.627294e-10 5.498525e-05  46.7%
Combinational        8.945810e-06 1.544518e-05 6.537723e-10 2.439164e-05  20.7%
Clock                2.404596e-05 1.434037e-05 5.146434e-10 3.838685e-05  32.6%
Macro                0.000000e+00 0.000000e+00 0.000000e+00 0.000000e+00   0.0%
Pad                  0.000000e+00 0.000000e+00 0.000000e+00 0.000000e+00   0.0%
------------------------------------------------------------------------
Total                8.653340e-05 3.122882e-05 1.531146e-09 1.177637e-04 100.0%
                            73.5%        26.5%         0.0%

