Clock: clk
Sources: clk 
Generated: no
Virtual: yes
Propagated: no
Period: 25.000000

===========================================================================
report_clock_properties
============================================================================
Clock                   Period          Waveform
----------------------------------------------------
clk                  25.000000    0.000000 12.500000

===========================================================================
report_clock_latency
============================================================================
Clock clk
rise -> rise
    min     max
0.000000 0.000000 source latency
0.241242         network latency _308_/CLK
        0.243798 network latency _322_/CLK
---------------
0.241242 0.243798 latency
        0.002556 skew

fall -> fall
    min     max
0.000000 0.000000 source latency
0.226878         network latency _308_/CLK
        0.229043 network latency _322_/CLK
---------------
0.226878 0.229043 latency
        0.002164 skew



===========================================================================
report_clock_min_period
============================================================================
clk period_min = 2.71 fmax = 368.65
