
===========================================================================
 report_power
============================================================================
======================= nom_ff_n40C_1v95 Corner ===================================

Group                    Internal    Switching      Leakage        Total
                            Power        Power        Power        Power (Watts)
------------------------------------------------------------------------
Sequential           9.838359e-05 2.776601e-06 7.237052e-10 1.011609e-04  47.9%
Combinational        1.418504e-05 1.897610e-05 1.331447e-09 3.316247e-05  15.7%
Clock                4.647174e-05 3.019552e-05 9.768661e-10 7.666824e-05  36.3%
Macro                0.000000e+00 0.000000e+00 0.000000e+00 0.000000e+00   0.0%
Pad                  0.000000e+00 0.000000e+00 0.000000e+00 0.000000e+00   0.0%
------------------------------------------------------------------------
Total                1.590405e-04 5.194821e-05 3.032020e-09 2.109917e-04 100.0%
                            75.4%        24.6%         0.0%

