
===========================================================================
report_checks -unconstrained
===========================================================================
======================= nom_ff_n40C_1v95 Corner ===================================

Startpoint: reset (input port clocked by clk)
Endpoint: _294_ (rising edge-triggered flip-flop clocked by clk)
Path Group: clk
Path Type: max

Fanout         Cap        Slew       Delay        Time   Description
---------------------------------------------------------------------------------------------
                      0.150000    0.000000    0.000000   clock clk (rise edge)
                                  0.000000    0.000000   clock network delay (ideal)
                                  5.000000    5.000000 ^ input external delay
    49    0.120241    0.407937    0.280048    5.280048 ^ reset (in)
                                                         reset (net)
                      0.407937    0.000000    5.280048 ^ _219_/A_N (sky130_fd_sc_hd__and2b_2)
     2    0.003360    0.027789    0.140537    5.420585 v _219_/X (sky130_fd_sc_hd__and2b_2)
                                                         _049_ (net)
                      0.027789    0.000000    5.420585 v _220_/A0 (sky130_fd_sc_hd__mux2_1)
     1    0.001783    0.034712    0.133312    5.553897 v _220_/X (sky130_fd_sc_hd__mux2_1)
                                                         _008_ (net)
                      0.034712    0.000000    5.553897 v _294_/D (sky130_fd_sc_hd__dfxtp_2)
                                              5.553897   data arrival time

                      0.150000   25.000000   25.000000   clock clk (rise edge)
                                  0.000000   25.000000   clock network delay (ideal)
                                 -0.250000   24.750000   clock uncertainty
                                  0.000000   24.750000   clock reconvergence pessimism
                                             24.750000 ^ _294_/CLK (sky130_fd_sc_hd__dfxtp_2)
                                 -0.060832   24.689167   library setup time
                                             24.689167   data required time
---------------------------------------------------------------------------------------------
                                             24.689167   data required time
                                             -5.553897   data arrival time
---------------------------------------------------------------------------------------------
                                             19.135269   slack (MET)




===========================================================================
report_checks --slack_max -0.01
============================================================================
======================= nom_ff_n40C_1v95 Corner ===================================

No paths found.


===========================================================================
 report_check_types -max_slew -max_cap -max_fanout -violators
============================================================================
======================= nom_ff_n40C_1v95 Corner ===================================

max fanout

Pin                                   Limit Fanout  Slack
---------------------------------------------------------
reset                                    10     49    -39 (VIOLATED)
enable                                   10     25    -15 (VIOLATED)



===========================================================================
report_parasitic_annotation -report_unannotated
============================================================================
Found 221 unannotated drivers.
 a[0]
 a[1]
 a[2]
 a[3]
 a[4]
 a[5]
 a[6]
 a[7]
 anc[0]
 anc[1]
 anc[2]
 anc[3]
 anc[4]
 anc[5]
 anc[6]
 anc[7]
 b[0]
 b[1]
 b[2]
 b[3]
 b[4]
 b[5]
 b[6]
 b[7]
 cin
 clk
 enable
 reset
 _143_/Y
 _144_/Y
 _145_/Y
 _146_/Y
 _147_/Y
 _148_/X
 _149_/X
 _150_/Y
 _151_/X
 _152_/Y
 _153_/X
 _154_/X
 _155_/X
 _156_/X
 _157_/Y
 _158_/Y
 _159_/Y
 _160_/X
 _161_/Y
 _162_/X
 _163_/Y
 _164_/X
 _165_/Y
 _166_/Y
 _167_/Y
 _168_/Y
 _169_/Y
 _170_/X
 _171_/Y
 _172_/X
 _173_/Y
 _174_/Y
 _175_/Y
 _176_/X
 _177_/X
 _178_/X
 _179_/Y
 _180_/X
 _181_/Y
 _182_/Y
 _183_/Y
 _184_/Y
 _185_/X
 _186_/X
 _187_/Y
 _188_/X
 _189_/Y
 _190_/X
 _191_/Y
 _192_/X
 _193_/X
 _194_/X
 _195_/X
 _196_/Y
 _197_/X
 _198_/Y
 _199_/X
 _200_/Y
 _201_/Y
 _202_/X
 _203_/Y
 _204_/Y
 _205_/Y
 _206_/X
 _207_/Y
 _208_/Y
 _209_/X
 _210_/X
 _211_/Y
 _212_/Y
 _213_/X
 _214_/Y
 _215_/X
 _216_/Y
 _217_/Y
 _218_/Y
 _219_/X
 _220_/X
 _221_/X
 _222_/X
 _223_/X
 _224_/X
 _225_/X
 _226_/X
 _227_/X
 _228_/X
 _229_/X
 _230_/X
 _231_/X
 _232_/X
 _233_/X
 _234_/X
 _235_/X
 _236_/X
 _237_/X
 _238_/X
 _239_/X
 _240_/X
 _241_/X
 _242_/X
 _243_/X
 _244_/X
 _245_/X
 _246_/X
 _247_/X
 _248_/X
 _249_/X
 _250_/X
 _251_/X
 _252_/X
 _253_/X
 _254_/X
 _255_/X
 _256_/X
 _257_/X
 _258_/X
 _259_/X
 _260_/X
 _261_/X
 _262_/X
 _263_/X
 _264_/X
 _265_/X
 _266_/X
 _267_/X
 _268_/X
 _269_/X
 _270_/X
 _271_/X
 _272_/X
 _273_/X
 _274_/X
 _275_/X
 _276_/X
 _277_/X
 _278_/X
 _279_/X
 _280_/Y
 _281_/Y
 _282_/Y
 _283_/Y
 _284_/Y
 _285_/X
 _286_/Q
 _287_/Q
 _288_/Q
 _289_/Q
 _290_/Q
 _291_/Q
 _292_/Q
 _293_/Q
 _294_/Q
 _295_/Q
 _296_/Q
 _297_/Q
 _298_/Q
 _299_/Q
 _300_/Q
 _301_/Q
 _302_/Q
 _303_/Q
 _304_/Q
 _305_/Q
 _306_/Q
 _307_/Q
 _308_/Q
 _309_/Q
 _310_/Q
 _311_/Q
 _312_/Q
 _313_/Q
 _314_/Q
 _315_/Q
 _316_/Q
 _317_/Q
 _318_/Q
 _319_/Q
 _320_/Q
 _321_/Q
 _322_/Q
 _323_/Q
 _324_/Q
 _325_/Q
 _326_/Q
 _327_/Q
 _328_/Q
 _329_/Q
 _330_/Q
 _331_/Q
 _332_/Q
 _333_/Q
 _334_/Q
 _335_/Q
Found 0 partially unannotated drivers.

===========================================================================
max slew violation count 0
max fanout violation count 2
max cap violation count 0
============================================================================

===========================================================================
check_setup -verbose -unconstrained_endpoints -multiple_clock -no_clock -no_input_delay -loops -generated_clocks
===========================================================================
