
===========================================================================
 report_power
============================================================================
======================= nom_tt_025C_1v80 Corner ===================================

Group                    Internal    Switching      Leakage        Total
                            Power        Power        Power        Power (Watts)
------------------------------------------------------------------------
Sequential           4.694815e-05 7.944996e-06 2.766382e-10 5.489342e-05  82.0%
Combinational        6.874280e-06 5.200715e-06 2.969092e-10 1.207529e-05  18.0%
Clock                0.000000e+00 0.000000e+00 1.166414e-10 1.166414e-10   0.0%
Macro                0.000000e+00 0.000000e+00 0.000000e+00 0.000000e+00   0.0%
Pad                  0.000000e+00 0.000000e+00 0.000000e+00 0.000000e+00   0.0%
------------------------------------------------------------------------
Total                5.382244e-05 1.314571e-05 6.901883e-10 6.696884e-05 100.0%
                            80.4%        19.6%         0.0%
Writing metric power__internal__total: 5.382243762142025e-5
Writing metric power__switching__total: 1.3145709999662358e-5
Writing metric power__leakage__total: 6.901882954046812e-10
Writing metric power__total: 6.696883792756125e-5

