
===========================================================================
report_checks -unconstrained
===========================================================================
======================= nom_ss_100C_1v60 Corner ===================================

Startpoint: reset (input port clocked by clk)
Endpoint: _145_ (recovery check against rising-edge clock clk)
Path Group: asynchronous
Path Type: max

Fanout         Cap        Slew       Delay        Time   Description
---------------------------------------------------------------------------------------------
                      0.150000    0.000000    0.000000   clock clk (rise edge)
                                  0.000000    0.000000   clock network delay (ideal)
                                  5.000000    5.000000 v input external delay
    26    0.111800    0.469849    0.340830    5.340830 v reset (in)
                                                         reset (net)
                      0.469849    0.000000    5.340830 v _068_/A (sky130_fd_sc_hd__inv_2)
     1    0.003263    0.110857    0.175401    5.516231 ^ _068_/Y (sky130_fd_sc_hd__inv_2)
                                                         _000_ (net)
                      0.110857    0.000000    5.516231 ^ _145_/RESET_B (sky130_fd_sc_hd__dfrtp_2)
                                              5.516231   data arrival time

                      0.150000   25.000000   25.000000   clock clk (rise edge)
                                  0.000000   25.000000   clock network delay (ideal)
                                 -0.250000   24.750000   clock uncertainty
                                  0.000000   24.750000   clock reconvergence pessimism
                                             24.750000 ^ _145_/CLK (sky130_fd_sc_hd__dfrtp_2)
                                  0.453918   25.203918   library recovery time
                                             25.203918   data required time
---------------------------------------------------------------------------------------------
                                             25.203918   data required time
                                             -5.516231   data arrival time
---------------------------------------------------------------------------------------------
                                             19.687687   slack (MET)


Startpoint: _154_ (rising edge-triggered flip-flop clocked by clk)
Endpoint: _150_ (rising edge-triggered flip-flop clocked by clk)
Path Group: clk
Path Type: max

Fanout         Cap        Slew       Delay        Time   Description
---------------------------------------------------------------------------------------------
                      0.150000    0.000000    0.000000   clock clk (rise edge)
                                  0.000000    0.000000   clock network delay (ideal)
                      0.150000    0.000000    0.000000 ^ _154_/CLK (sky130_fd_sc_hd__dfrtp_2)
     2    0.005699    0.092554    0.856044    0.856044 v _154_/Q (sky130_fd_sc_hd__dfrtp_2)
                                                         u_cs.lo_block.fa0.a (net)
                      0.092554    0.000000    0.856044 v _070_/A (sky130_fd_sc_hd__or2_2)
     3    0.010700    0.156546    0.734651    1.590696 v _070_/X (sky130_fd_sc_hd__or2_2)
                                                         _029_ (net)
                      0.156546    0.000000    1.590696 v _072_/A2 (sky130_fd_sc_hd__a21boi_2)
     2    0.010010    0.252922    0.338054    1.928750 ^ _072_/Y (sky130_fd_sc_hd__a21boi_2)
                                                         _031_ (net)
                      0.252922    0.000000    1.928750 ^ _073_/A_N (sky130_fd_sc_hd__and2b_2)
     1    0.004185    0.078051    0.520081    2.448831 v _073_/X (sky130_fd_sc_hd__and2b_2)
                                                         _032_ (net)
                      0.078051    0.000000    2.448831 v _075_/B1 (sky130_fd_sc_hd__a21oi_2)
     2    0.010010    0.255140    0.252877    2.701708 ^ _075_/Y (sky130_fd_sc_hd__a21oi_2)
                                                         _034_ (net)
                      0.255140    0.000000    2.701708 ^ _076_/A_N (sky130_fd_sc_hd__and2b_2)
     2    0.005741    0.086518    0.533522    3.235229 v _076_/X (sky130_fd_sc_hd__and2b_2)
                                                         _035_ (net)
                      0.086518    0.000000    3.235229 v _081_/B (sky130_fd_sc_hd__or3b_2)
     2    0.006160    0.189619    1.069829    4.305058 v _081_/X (sky130_fd_sc_hd__or3b_2)
                                                         _040_ (net)
                      0.189619    0.000000    4.305058 v _083_/A2 (sky130_fd_sc_hd__a21oi_2)
     6    0.025322    0.525298    0.548471    4.853529 ^ _083_/Y (sky130_fd_sc_hd__a21oi_2)
                                                         _042_ (net)
                      0.525298    0.000000    4.853529 ^ _108_/A_N (sky130_fd_sc_hd__nand2b_2)
     1    0.003356    0.068367    0.374440    5.227969 ^ _108_/Y (sky130_fd_sc_hd__nand2b_2)
                                                         _065_ (net)
                      0.068367    0.000000    5.227969 ^ _110_/S (sky130_fd_sc_hd__mux2_1)
     1    0.001838    0.103297    0.672953    5.900922 v _110_/X (sky130_fd_sc_hd__mux2_1)
                                                         sum_c[5] (net)
                      0.103297    0.000000    5.900922 v _150_/D (sky130_fd_sc_hd__dfrtp_2)
                                              5.900922   data arrival time

                      0.150000   25.000000   25.000000   clock clk (rise edge)
                                  0.000000   25.000000   clock network delay (ideal)
                                 -0.250000   24.750000   clock uncertainty
                                  0.000000   24.750000   clock reconvergence pessimism
                                             24.750000 ^ _150_/CLK (sky130_fd_sc_hd__dfrtp_2)
                                 -0.269180   24.480820   library setup time
                                             24.480820   data required time
---------------------------------------------------------------------------------------------
                                             24.480820   data required time
                                             -5.900922   data arrival time
---------------------------------------------------------------------------------------------
                                             18.579897   slack (MET)




===========================================================================
report_checks --slack_max -0.01
============================================================================
======================= nom_ss_100C_1v60 Corner ===================================

No paths found.


===========================================================================
 report_check_types -max_slew -max_cap -max_fanout -violators
============================================================================
======================= nom_ss_100C_1v60 Corner ===================================

max slew

Pin                                        Limit        Slew       Slack
------------------------------------------------------------------------
reset                                   0.750000    0.861317   -0.111317 (VIOLATED)
_068_/A                                 0.750000    0.861317   -0.111317 (VIOLATED)
_120_/A                                 0.750000    0.861317   -0.111317 (VIOLATED)
_121_/A                                 0.750000    0.861317   -0.111317 (VIOLATED)
_122_/A                                 0.750000    0.861317   -0.111317 (VIOLATED)
_123_/A                                 0.750000    0.861317   -0.111317 (VIOLATED)
_124_/A                                 0.750000    0.861317   -0.111317 (VIOLATED)
_125_/A                                 0.750000    0.861317   -0.111317 (VIOLATED)
_126_/A                                 0.750000    0.861317   -0.111317 (VIOLATED)
_127_/A                                 0.750000    0.861317   -0.111317 (VIOLATED)
_128_/A                                 0.750000    0.861317   -0.111317 (VIOLATED)
_129_/A                                 0.750000    0.861317   -0.111317 (VIOLATED)
_130_/A                                 0.750000    0.861317   -0.111317 (VIOLATED)
_131_/A                                 0.750000    0.861317   -0.111317 (VIOLATED)
_132_/A                                 0.750000    0.861317   -0.111317 (VIOLATED)
_133_/A                                 0.750000    0.861317   -0.111317 (VIOLATED)
_134_/A                                 0.750000    0.861317   -0.111317 (VIOLATED)
_135_/A                                 0.750000    0.861317   -0.111317 (VIOLATED)
_136_/A                                 0.750000    0.861317   -0.111317 (VIOLATED)
_137_/A                                 0.750000    0.861317   -0.111317 (VIOLATED)
_138_/A                                 0.750000    0.861317   -0.111317 (VIOLATED)
_139_/A                                 0.750000    0.861317   -0.111317 (VIOLATED)
_140_/A                                 0.750000    0.861317   -0.111317 (VIOLATED)
_141_/A                                 0.750000    0.861317   -0.111317 (VIOLATED)
_142_/A                                 0.750000    0.861317   -0.111317 (VIOLATED)
_143_/A                                 0.750000    0.861317   -0.111317 (VIOLATED)
_144_/A                                 0.750000    0.861317   -0.111317 (VIOLATED)

max fanout

Pin                                   Limit Fanout  Slack
---------------------------------------------------------
reset                                    10     26    -16 (VIOLATED)



===========================================================================
report_parasitic_annotation -report_unannotated
============================================================================
Found 122 unannotated drivers.
 a[0]
 a[1]
 a[2]
 a[3]
 a[4]
 a[5]
 a[6]
 a[7]
 b[0]
 b[1]
 b[2]
 b[3]
 b[4]
 b[5]
 b[6]
 b[7]
 cin
 clk
 reset
 _068_/Y
 _069_/Y
 _070_/X
 _071_/X
 _072_/Y
 _073_/X
 _074_/Y
 _075_/Y
 _076_/X
 _077_/Y
 _078_/Y
 _079_/Y
 _080_/Y
 _081_/X
 _082_/X
 _083_/Y
 _084_/Y
 _085_/Y
 _086_/X
 _087_/Y
 _088_/Y
 _089_/Y
 _090_/Y
 _091_/X
 _092_/X
 _093_/Y
 _094_/Y
 _095_/Y
 _096_/Y
 _097_/X
 _098_/Y
 _099_/Y
 _100_/X
 _101_/Y
 _102_/Y
 _103_/X
 _104_/Y
 _105_/Y
 _106_/X
 _107_/X
 _108_/Y
 _109_/X
 _110_/X
 _111_/Y
 _112_/Y
 _113_/X
 _114_/Y
 _115_/Y
 _116_/X
 _117_/X
 _118_/X
 _119_/X
 _120_/Y
 _121_/Y
 _122_/Y
 _123_/Y
 _124_/Y
 _125_/Y
 _126_/Y
 _127_/Y
 _128_/Y
 _129_/Y
 _130_/Y
 _131_/Y
 _132_/Y
 _133_/Y
 _134_/Y
 _135_/Y
 _136_/Y
 _137_/Y
 _138_/Y
 _139_/Y
 _140_/Y
 _141_/Y
 _142_/Y
 _143_/Y
 _144_/Y
 _145_/Q
 _146_/Q
 _147_/Q
 _148_/Q
 _149_/Q
 _150_/Q
 _151_/Q
 _152_/Q
 _153_/Q
 _154_/Q
 _155_/Q
 _156_/Q
 _157_/Q
 _158_/Q
 _159_/Q
 _160_/Q
 _161_/Q
 _162_/Q
 _163_/Q
 _164_/Q
 _165_/Q
 _166_/Q
 _167_/Q
 _168_/Q
 _169_/Q
 _170_/Q
Found 0 partially unannotated drivers.

===========================================================================
max slew violation count 27
max fanout violation count 1
max cap violation count 0
============================================================================

===========================================================================
check_setup -verbose -unconstrained_endpoints -multiple_clock -no_clock -no_input_delay -loops -generated_clocks
===========================================================================
