
===========================================================================
 report_power
============================================================================
======================= nom_ss_100C_1v60 Corner ===================================

Group                    Internal    Switching      Leakage        Total
                            Power        Power        Power        Power (Watts)
------------------------------------------------------------------------
Sequential           3.607364e-05 6.132645e-06 5.072465e-07 4.271353e-05  81.6%
Combinational        5.541609e-06 3.675164e-06 3.889790e-07 9.605752e-06  18.4%
Clock                0.000000e+00 0.000000e+00 0.000000e+00 0.000000e+00   0.0%
Macro                0.000000e+00 0.000000e+00 0.000000e+00 0.000000e+00   0.0%
Pad                  0.000000e+00 0.000000e+00 0.000000e+00 0.000000e+00   0.0%
------------------------------------------------------------------------
Total                4.161526e-05 9.807809e-06 8.962252e-07 5.231929e-05 100.0%
                            79.5%        18.7%         1.7%

