Clock: clk
Sources: clk 
Generated: no
Virtual: yes
Propagated: no
Period: 25.000000

===========================================================================
report_clock_properties
============================================================================
Clock                   Period          Waveform
----------------------------------------------------
clk                  25.000000    0.000000 12.500000

===========================================================================
report_clock_latency
============================================================================
Clock clk
rise -> rise
    min     max
0.000000 0.000000 source latency
0.299900         network latency _156_/CLK
        0.300208 network latency _159_/CLK
---------------
0.299900 0.300208 latency
        0.000309 skew

fall -> fall
    min     max
0.000000 0.000000 source latency
0.300187         network latency _156_/CLK
        0.300447 network latency _159_/CLK
---------------
0.300187 0.300447 latency
        0.000259 skew



===========================================================================
report_clock_min_period
============================================================================
clk period_min = 2.91 fmax = 344.17
