Clock: clk
Sources: clk 
Generated: no
Virtual: yes
Propagated: no
Period: 25.000000

===========================================================================
report_clock_properties
============================================================================
Clock                   Period          Waveform
----------------------------------------------------
clk                  25.000000    0.000000 12.500000

===========================================================================
report_clock_latency
============================================================================
Clock clk
rise -> rise
    min     max
0.000000 0.000000 source latency
0.342215         network latency _308_/CLK
        0.344497 network latency _322_/CLK
---------------
0.342215 0.344497 latency
        0.002282 skew

fall -> fall
    min     max
0.000000 0.000000 source latency
0.328543         network latency _308_/CLK
        0.330487 network latency _322_/CLK
---------------
0.328543 0.330487 latency
        0.001944 skew



===========================================================================
report_clock_min_period
============================================================================
clk period_min = 4.29 fmax = 233.01
