Clock: clk
Sources: clk 
Generated: no
Virtual: yes
Propagated: no
Period: 25.000000

===========================================================================
report_clock_properties
============================================================================
Clock                   Period          Waveform
----------------------------------------------------
clk                  25.000000    0.000000 12.500000

===========================================================================
report_clock_latency
============================================================================
Clock clk
rise -> rise
    min     max
0.000000 0.000000 source latency
0.305411         network latency _181_/CLK
        0.307362 network latency _166_/CLK
---------------
0.305411 0.307362 latency
        0.001951 skew

fall -> fall
    min     max
0.000000 0.000000 source latency
0.303594         network latency _181_/CLK
        0.305162 network latency _166_/CLK
---------------
0.303594 0.305162 latency
        0.001569 skew



===========================================================================
report_clock_min_period
============================================================================
clk period_min = 3.97 fmax = 251.75
