Clock: clk
Sources: clk 
Generated: no
Virtual: yes
Propagated: no
Period: 25.000000

===========================================================================
report_clock_properties
============================================================================
Clock                   Period          Waveform
----------------------------------------------------
clk                  25.000000    0.000000 12.500000

===========================================================================
report_clock_latency
============================================================================
Clock clk
rise -> rise
    min     max
0.000000 0.000000 source latency
0.352443         network latency _308_/CLK
        0.356518 network latency _322_/CLK
---------------
0.352443 0.356518 latency
        0.004075 skew

fall -> fall
    min     max
0.000000 0.000000 source latency
0.335358         network latency _308_/CLK
        0.338935 network latency _322_/CLK
---------------
0.335358 0.338935 latency
        0.003577 skew



===========================================================================
report_clock_min_period
============================================================================
clk period_min = 4.34 fmax = 230.50
