Clock: clk
Sources: clk 
Generated: no
Virtual: yes
Propagated: no
Period: 25.000000

===========================================================================
report_clock_properties
============================================================================
Clock                   Period          Waveform
----------------------------------------------------
clk                  25.000000    0.000000 12.500000

===========================================================================
report_clock_latency
============================================================================
Clock clk
rise -> rise
    min     max
0.000000 0.000000 source latency
0.340052         network latency _325_/CLK
        0.341660 network latency _304_/CLK
---------------
0.340052 0.341660 latency
        0.001608 skew

fall -> fall
    min     max
0.000000 0.000000 source latency
0.327975         network latency _325_/CLK
        0.329290 network latency _304_/CLK
---------------
0.327975 0.329290 latency
        0.001315 skew



===========================================================================
report_clock_min_period
============================================================================
clk period_min = 4.32 fmax = 231.58
