
===========================================================================
 report_power
============================================================================
======================= nom_tt_025C_1v80 Corner ===================================

Group                    Internal    Switching      Leakage        Total
                            Power        Power        Power        Power (Watts)
------------------------------------------------------------------------
Sequential           8.476664e-05 2.378708e-06 4.118601e-10 8.714576e-05  48.1%
Combinational        1.294291e-05 1.598923e-05 8.108093e-10 2.893296e-05  16.0%
Clock                4.058555e-05 2.446046e-05 2.393181e-10 6.504625e-05  35.9%
Macro                0.000000e+00 0.000000e+00 0.000000e+00 0.000000e+00   0.0%
Pad                  0.000000e+00 0.000000e+00 0.000000e+00 0.000000e+00   0.0%
------------------------------------------------------------------------
Total                1.382951e-04 4.282840e-05 1.461990e-09 1.811249e-04 100.0%
                            76.4%        23.6%         0.0%
Writing metric power__internal__total: 0.00013829507224727422
Writing metric power__switching__total: 4.282840382074937e-5
Writing metric power__leakage__total: 1.4619898625056749e-9
Writing metric power__total: 0.00018112492398358881

