Clock: clk
Sources: clk 
Generated: no
Virtual: no
Propagated: no
Period: 25.000000

===========================================================================
report_clock_properties
============================================================================
Clock                   Period          Waveform
----------------------------------------------------
clk                  25.000000    0.000000 12.500000

===========================================================================
report_clock_latency
============================================================================
Clock clk
rise -> rise
    min     max
0.000000 0.000000 source latency
0.154216         network latency _145_/CLK
        0.154216 network latency _145_/CLK
---------------
0.154216 0.154216 latency
        0.000000 skew

fall -> fall
    min     max
0.000000 0.000000 source latency
0.071567         network latency _145_/CLK
        0.071567 network latency _145_/CLK
---------------
0.071567 0.071567 latency
        0.000000 skew



===========================================================================
report_clock_min_period
============================================================================
clk period_min = 3.17 fmax = 315.28
