
===========================================================================
 report_power
============================================================================
======================= nom_ss_100C_1v60 Corner ===================================

Group                    Internal    Switching      Leakage        Total
                            Power        Power        Power        Power (Watts)
------------------------------------------------------------------------
Sequential           6.647709e-05 6.688213e-06 7.638334e-07 7.392914e-05  83.7%
Combinational        9.175023e-06 4.438022e-06 8.056640e-07 1.441871e-05  16.3%
Clock                0.000000e+00 0.000000e+00 0.000000e+00 0.000000e+00   0.0%
Macro                0.000000e+00 0.000000e+00 0.000000e+00 0.000000e+00   0.0%
Pad                  0.000000e+00 0.000000e+00 0.000000e+00 0.000000e+00   0.0%
------------------------------------------------------------------------
Total                7.565212e-05 1.112623e-05 1.569497e-06 8.834785e-05 100.0%
                            85.6%        12.6%         1.8%

