
===========================================================================
 report_power
============================================================================
======================= nom_tt_025C_1v80 Corner ===================================

Group                    Internal    Switching      Leakage        Total
                            Power        Power        Power        Power (Watts)
------------------------------------------------------------------------
Sequential           8.477253e-05 2.030551e-06 4.118601e-10 8.680350e-05  49.3%
Combinational        1.189998e-05 1.450700e-05 7.563608e-10 2.640774e-05  15.0%
Clock                4.050733e-05 2.230467e-05 2.393181e-10 6.281224e-05  35.7%
Macro                0.000000e+00 0.000000e+00 0.000000e+00 0.000000e+00   0.0%
Pad                  0.000000e+00 0.000000e+00 0.000000e+00 0.000000e+00   0.0%
------------------------------------------------------------------------
Total                1.371798e-04 3.884222e-05 1.407541e-09 1.760235e-04 100.0%
                            77.9%        22.1%         0.0%
Writing metric power__internal__total: 0.00013717984256800264
Writing metric power__switching__total: 3.8842215872136876e-5
Writing metric power__leakage__total: 1.4075414167535882e-9
Writing metric power__total: 0.00017602347361389548

