
===========================================================================
 report_power
============================================================================
======================= nom_ff_n40C_1v95 Corner ===================================

Group                    Internal    Switching      Leakage        Total
                            Power        Power        Power        Power (Watts)
------------------------------------------------------------------------
Sequential           5.253689e-05 4.690770e-06 5.118048e-10 5.722817e-05  85.9%
Combinational        6.873305e-06 2.505828e-06 7.493031e-10 9.379882e-06  14.1%
Clock                0.000000e+00 0.000000e+00 0.000000e+00 0.000000e+00   0.0%
Macro                0.000000e+00 0.000000e+00 0.000000e+00 0.000000e+00   0.0%
Pad                  0.000000e+00 0.000000e+00 0.000000e+00 0.000000e+00   0.0%
------------------------------------------------------------------------
Total                5.941019e-05 7.196599e-06 1.261107e-09 6.660805e-05 100.0%
                            89.2%        10.8%         0.0%

