
===========================================================================
report_checks -unconstrained
===========================================================================
======================= max_ss_100C_1v60 Corner ===================================

Startpoint: _182_ (rising edge-triggered flip-flop clocked by clk)
Endpoint: _183_ (rising edge-triggered flip-flop clocked by clk)
Path Group: clk
Path Type: max

Fanout         Cap        Slew       Delay        Time   Description
---------------------------------------------------------------------------------------------
                                  0.000000    0.000000   clock clk (rise edge)
                                  0.000000    0.000000   clock source latency
     1    0.014839    0.114368    0.076703    0.076703 ^ clk (in)
                                                         clk (net)
                      0.114374    0.000000    0.076703 ^ clkbuf_0_clk/A (sky130_fd_sc_hd__clkbuf_16)
     2    0.020408    0.067945    0.242105    0.318808 ^ clkbuf_0_clk/X (sky130_fd_sc_hd__clkbuf_16)
                                                         clknet_0_clk (net)
                      0.067966    0.001388    0.320196 ^ clkbuf_1_0__f_clk/A (sky130_fd_sc_hd__clkbuf_16)
    14    0.041850    0.096162    0.250401    0.570597 ^ clkbuf_1_0__f_clk/X (sky130_fd_sc_hd__clkbuf_16)
                                                         clknet_1_0__leaf_clk (net)
                      0.096419    0.003555    0.574153 ^ _182_/CLK (sky130_fd_sc_hd__dfxtp_1)
     3    0.006721    0.078789    0.615536    1.189688 v _182_/Q (sky130_fd_sc_hd__dfxtp_1)
                                                         cin_r (net)
                      0.078789    0.000195    1.189883 v _079_/A (sky130_fd_sc_hd__or2_1)
     3    0.008695    0.147647    0.562671    1.752555 v _079_/X (sky130_fd_sc_hd__or2_1)
                                                         _048_ (net)
                      0.147647    0.000521    1.753076 v _084_/A2 (sky130_fd_sc_hd__a21boi_1)
     2    0.008734    0.345774    0.396721    2.149797 ^ _084_/Y (sky130_fd_sc_hd__a21boi_1)
                                                         _052_ (net)
                      0.345774    0.000579    2.150376 ^ _086_/B (sky130_fd_sc_hd__xnor2_1)
     2    0.007832    0.347911    0.350050    2.500426 ^ _086_/Y (sky130_fd_sc_hd__xnor2_1)
                                                         _054_ (net)
                      0.347911    0.000345    2.500771 ^ _088_/B (sky130_fd_sc_hd__nand2_1)
     3    0.009455    0.185909    0.286473    2.787244 v _088_/Y (sky130_fd_sc_hd__nand2_1)
                                                         _056_ (net)
                      0.185909    0.000553    2.787797 v _091_/A2 (sky130_fd_sc_hd__a21bo_1)
     2    0.004392    0.075599    0.399799    3.187596 v _091_/X (sky130_fd_sc_hd__a21bo_1)
                                                         _058_ (net)
                      0.075599    0.000275    3.187871 v _095_/B1_N (sky130_fd_sc_hd__a21bo_1)
     2    0.008616    0.132238    0.392501    3.580372 ^ _095_/X (sky130_fd_sc_hd__a21bo_1)
                                                         _061_ (net)
                      0.132238    0.000533    3.580905 ^ _097_/B (sky130_fd_sc_hd__xor2_1)
     2    0.005765    0.266852    0.333139    3.914044 ^ _097_/X (sky130_fd_sc_hd__xor2_1)
                                                         _063_ (net)
                      0.266852    0.000207    3.914251 ^ _099_/B (sky130_fd_sc_hd__nand2_1)
     3    0.009152    0.172680    0.254459    4.168710 v _099_/Y (sky130_fd_sc_hd__nand2_1)
                                                         _065_ (net)
                      0.172680    0.000628    4.169338 v _102_/A2 (sky130_fd_sc_hd__a21bo_1)
     2    0.005538    0.084224    0.404158    4.573496 v _102_/X (sky130_fd_sc_hd__a21bo_1)
                                                         _067_ (net)
                      0.084277    0.000313    4.573809 v _106_/B1_N (sky130_fd_sc_hd__a21bo_1)
     2    0.011598    0.169067    0.423810    4.997619 ^ _106_/X (sky130_fd_sc_hd__a21bo_1)
                                                         _070_ (net)
                      0.169069    0.000909    4.998528 ^ _108_/B (sky130_fd_sc_hd__xor2_1)
     2    0.005105    0.248130    0.332530    5.331059 ^ _108_/X (sky130_fd_sc_hd__xor2_1)
                                                         _072_ (net)
                      0.248130    0.000266    5.331325 ^ _110_/B (sky130_fd_sc_hd__nand2_1)
     3    0.008211    0.156664    0.236536    5.567861 v _110_/Y (sky130_fd_sc_hd__nand2_1)
                                                         _074_ (net)
                      0.156665    0.000692    5.568553 v _113_/A2 (sky130_fd_sc_hd__a21bo_1)
     2    0.004225    0.074111    0.386066    5.954619 v _113_/X (sky130_fd_sc_hd__a21bo_1)
                                                         _076_ (net)
                      0.074111    0.000321    5.954940 v _117_/B1_N (sky130_fd_sc_hd__a21boi_1)
     2    0.007640    0.157077    0.292154    6.247094 v _117_/Y (sky130_fd_sc_hd__a21boi_1)
                                                         _026_ (net)
                      0.157077    0.000322    6.247416 v _119_/B (sky130_fd_sc_hd__xnor2_1)
     2    0.007962    0.352160    0.377774    6.625190 ^ _119_/Y (sky130_fd_sc_hd__xnor2_1)
                                                         _028_ (net)
                      0.352272    0.000450    6.625640 ^ _121_/B (sky130_fd_sc_hd__nand2_1)
     2    0.006085    0.137026    0.244041    6.869681 v _121_/Y (sky130_fd_sc_hd__nand2_1)
                                                         _030_ (net)
                      0.137026    0.000342    6.870023 v _157_/A2 (sky130_fd_sc_hd__a21oi_1)
     1    0.003290    0.182046    0.265526    7.135549 ^ _157_/Y (sky130_fd_sc_hd__a21oi_1)
                                                         _025_ (net)
                      0.182046    0.000222    7.135772 ^ hold6/A (sky130_fd_sc_hd__dlygate4sd3_1)
     1    0.002106    0.084074    1.074751    8.210523 ^ hold6/X (sky130_fd_sc_hd__dlygate4sd3_1)
                                                         net39 (net)
                      0.084074    0.000139    8.210662 ^ _183_/D (sky130_fd_sc_hd__dfxtp_1)
                                              8.210662   data arrival time

                                 25.000000   25.000000   clock clk (rise edge)
                                  0.000000   25.000000   clock source latency
     1    0.014839    0.114368    0.076703   25.076702 ^ clk (in)
                                                         clk (net)
                      0.114374    0.000000   25.076702 ^ clkbuf_0_clk/A (sky130_fd_sc_hd__clkbuf_16)
     2    0.020408    0.067945    0.242105   25.318808 ^ clkbuf_0_clk/X (sky130_fd_sc_hd__clkbuf_16)
                                                         clknet_0_clk (net)
                      0.067966    0.001355   25.320162 ^ clkbuf_1_1__f_clk/A (sky130_fd_sc_hd__clkbuf_16)
    13    0.038048    0.091858    0.245501   25.565664 ^ clkbuf_1_1__f_clk/X (sky130_fd_sc_hd__clkbuf_16)
                                                         clknet_1_1__leaf_clk (net)
                      0.091881    0.001469   25.567133 ^ _183_/CLK (sky130_fd_sc_hd__dfxtp_1)
                                 -0.250000   25.317135   clock uncertainty
                                  0.000000   25.317135   clock reconvergence pessimism
                                 -0.128328   25.188807   library setup time
                                             25.188807   data required time
---------------------------------------------------------------------------------------------
                                             25.188807   data required time
                                             -8.210662   data arrival time
---------------------------------------------------------------------------------------------
                                             16.978146   slack (MET)




===========================================================================
report_checks --slack_max -0.01
============================================================================
======================= max_ss_100C_1v60 Corner ===================================

No paths found.


===========================================================================
 report_check_types -max_slew -max_cap -max_fanout -violators
============================================================================
======================= max_ss_100C_1v60 Corner ===================================

max fanout

Pin                                   Limit Fanout  Slack
---------------------------------------------------------
clkbuf_1_0__f_clk/X                      10     14     -4 (VIOLATED)
clkbuf_1_1__f_clk/X                      10     13     -3 (VIOLATED)



===========================================================================
report_parasitic_annotation -report_unannotated
============================================================================
Found 1 unannotated drivers.
 clkload0/X
Found 0 partially unannotated drivers.

===========================================================================
max slew violation count 0
max fanout violation count 2
max cap violation count 0
============================================================================

===========================================================================
check_setup -verbose -unconstrained_endpoints -multiple_clock -no_clock -no_input_delay -loops -generated_clocks
===========================================================================
