
===========================================================================
 report_power
============================================================================
======================= nom_tt_025C_1v80 Corner ===================================

Group                    Internal    Switching      Leakage        Total
                            Power        Power        Power        Power (Watts)
------------------------------------------------------------------------
Sequential           4.418234e-05 1.355489e-06 2.145605e-10 4.553804e-05  47.1%
Combinational        7.294597e-06 6.966113e-06 4.804332e-10 1.426119e-05  14.8%
Clock                2.432729e-05 1.252958e-05 1.608006e-10 3.685704e-05  38.1%
Macro                0.000000e+00 0.000000e+00 0.000000e+00 0.000000e+00   0.0%
Pad                  0.000000e+00 0.000000e+00 0.000000e+00 0.000000e+00   0.0%
------------------------------------------------------------------------
Total                7.580422e-05 2.085118e-05 8.557937e-10 9.665627e-05 100.0%
                            78.4%        21.6%         0.0%
Writing metric power__internal__total: 7.580422243336216e-5
Writing metric power__switching__total: 2.0851182853220962e-5
Writing metric power__leakage__total: 8.557937136721705e-10
Writing metric power__total: 9.6656265668571e-5

