
===========================================================================
 report_power
============================================================================
======================= nom_tt_025C_1v80 Corner ===================================

Group                    Internal    Switching      Leakage        Total
                            Power        Power        Power        Power (Watts)
------------------------------------------------------------------------
Sequential           4.416842e-05 1.332303e-06 2.145605e-10 4.550094e-05  46.8%
Combinational        7.279456e-06 6.954034e-06 4.804331e-10 1.423397e-05  14.6%
Clock                2.434991e-05 1.316043e-05 3.066029e-10 3.751064e-05  38.6%
Macro                0.000000e+00 0.000000e+00 0.000000e+00 0.000000e+00   0.0%
Pad                  0.000000e+00 0.000000e+00 0.000000e+00 0.000000e+00   0.0%
------------------------------------------------------------------------
Total                7.579778e-05 2.144677e-05 1.001598e-09 9.724555e-05 100.0%
                            77.9%        22.1%         0.0%

