Clock: clk
Sources: clk 
Generated: no
Virtual: yes
Propagated: no
Period: 25.000000

===========================================================================
report_clock_properties
============================================================================
Clock                   Period          Waveform
----------------------------------------------------
clk                  25.000000    0.000000 12.500000

===========================================================================
report_clock_latency
============================================================================
Clock clk
rise -> rise
    min     max
0.000000 0.000000 source latency
0.327900         network latency _178_/CLK
        0.333164 network latency _166_/CLK
---------------
0.327900 0.333164 latency
        0.005264 skew

fall -> fall
    min     max
0.000000 0.000000 source latency
0.318005         network latency _178_/CLK
        0.322461 network latency _166_/CLK
---------------
0.318005 0.322461 latency
        0.004456 skew



===========================================================================
report_clock_min_period
============================================================================
clk period_min = 4.23 fmax = 236.21
