
===========================================================================
 report_power
============================================================================
======================= max_tt_025C_1v80 Corner ===================================

Group                    Internal    Switching      Leakage        Total
                            Power        Power        Power        Power (Watts)
------------------------------------------------------------------------
Sequential           4.416112e-05 1.366806e-06 2.145605e-10 4.552814e-05  46.6%
Combinational        7.281127e-06 7.075771e-06 4.804331e-10 1.435738e-05  14.7%
Clock                2.436484e-05 1.353612e-05 3.066029e-10 3.790127e-05  38.8%
Macro                0.000000e+00 0.000000e+00 0.000000e+00 0.000000e+00   0.0%
Pad                  0.000000e+00 0.000000e+00 0.000000e+00 0.000000e+00   0.0%
------------------------------------------------------------------------
Total                7.580707e-05 2.197870e-05 1.001598e-09 9.778677e-05 100.0%
                            77.5%        22.5%         0.0%

