
===========================================================================
 report_power
============================================================================
======================= min_ff_n40C_1v95 Corner ===================================

Group                    Internal    Switching      Leakage        Total
                            Power        Power        Power        Power (Watts)
------------------------------------------------------------------------
Sequential           9.840814e-05 2.703519e-06 7.237052e-10 1.011124e-04  48.2%
Combinational        1.417576e-05 1.863628e-05 1.331447e-09 3.281338e-05  15.6%
Clock                4.645213e-05 2.937143e-05 9.768661e-10 7.582454e-05  36.1%
Macro                0.000000e+00 0.000000e+00 0.000000e+00 0.000000e+00   0.0%
Pad                  0.000000e+00 0.000000e+00 0.000000e+00 0.000000e+00   0.0%
------------------------------------------------------------------------
Total                1.590361e-04 5.071125e-05 3.032020e-09 2.097503e-04 100.0%
                            75.8%        24.2%         0.0%

