
===========================================================================
 report_power
============================================================================
======================= nom_ss_100C_1v60 Corner ===================================

Group                    Internal    Switching      Leakage        Total
                            Power        Power        Power        Power (Watts)
------------------------------------------------------------------------
Sequential           3.551038e-05 9.566857e-07 4.898421e-07 3.695691e-05  45.6%
Combinational        6.543953e-06 1.035626e-05 4.997120e-07 1.739992e-05  21.5%
Clock                1.718721e-05 9.447313e-06 5.731341e-08 2.669183e-05  32.9%
Macro                0.000000e+00 0.000000e+00 0.000000e+00 0.000000e+00   0.0%
Pad                  0.000000e+00 0.000000e+00 0.000000e+00 0.000000e+00   0.0%
------------------------------------------------------------------------
Total                5.924155e-05 2.076026e-05 1.046867e-06 8.104867e-05 100.0%
                            73.1%        25.6%         1.3%

