
===========================================================================
 report_power
============================================================================
======================= nom_ff_n40C_1v95 Corner ===================================

Group                    Internal    Switching      Leakage        Total
                            Power        Power        Power        Power (Watts)
------------------------------------------------------------------------
Sequential           5.127007e-05 1.598886e-06 3.764110e-10 5.286933e-05  46.8%
Combinational        8.195637e-06 8.288561e-06 7.731322e-10 1.648497e-05  14.6%
Clock                2.787819e-05 1.570851e-05 5.312270e-10 4.358724e-05  38.6%
Macro                0.000000e+00 0.000000e+00 0.000000e+00 0.000000e+00   0.0%
Pad                  0.000000e+00 0.000000e+00 0.000000e+00 0.000000e+00   0.0%
------------------------------------------------------------------------
Total                8.734393e-05 2.559595e-05 1.680770e-09 1.129416e-04 100.0%
                            77.3%        22.7%         0.0%

