
===========================================================================
 report_power
============================================================================
======================= nom_ff_n40C_1v95 Corner ===================================

Group                    Internal    Switching      Leakage        Total
                            Power        Power        Power        Power (Watts)
------------------------------------------------------------------------
Sequential           5.523621e-05 9.124222e-06 4.694432e-10 6.436090e-05  82.5%
Combinational        7.975691e-06 5.645489e-06 6.255669e-10 1.362181e-05  17.5%
Clock                0.000000e+00 0.000000e+00 0.000000e+00 0.000000e+00   0.0%
Macro                0.000000e+00 0.000000e+00 0.000000e+00 0.000000e+00   0.0%
Pad                  0.000000e+00 0.000000e+00 0.000000e+00 0.000000e+00   0.0%
------------------------------------------------------------------------
Total                6.321189e-05 1.476971e-05 1.095010e-09 7.798269e-05 100.0%
                            81.1%        18.9%         0.0%

