
===========================================================================
 report_power
============================================================================
======================= nom_tt_025C_1v80 Corner ===================================

Group                    Internal    Switching      Leakage        Total
                            Power        Power        Power        Power (Watts)
------------------------------------------------------------------------
Sequential           4.480632e-05 4.131016e-06 2.237870e-10 4.893756e-05  85.5%
Combinational        6.030637e-06 2.256571e-06 3.699758e-10 8.287578e-06  14.5%
Clock                0.000000e+00 0.000000e+00 1.166414e-10 1.166414e-10   0.0%
Macro                0.000000e+00 0.000000e+00 0.000000e+00 0.000000e+00   0.0%
Pad                  0.000000e+00 0.000000e+00 0.000000e+00 0.000000e+00   0.0%
------------------------------------------------------------------------
Total                5.083696e-05 6.387588e-06 7.104038e-10 5.722526e-05 100.0%
                            88.8%        11.2%         0.0%
Writing metric power__internal__total: 5.083695941721089e-5
Writing metric power__switching__total: 6.387588200595928e-6
Writing metric power__leakage__total: 7.104037913485683e-10
Writing metric power__total: 5.7225257478421554e-5

