
===========================================================================
 report_power
============================================================================
======================= max_ss_100C_1v60 Corner ===================================

Group                    Internal    Switching      Leakage        Total
                            Power        Power        Power        Power (Watts)
------------------------------------------------------------------------
Sequential           3.548653e-05 9.757546e-07 4.898421e-07 3.695213e-05  45.3%
Combinational        6.545540e-06 1.048259e-05 4.997120e-07 1.752784e-05  21.5%
Clock                1.721569e-05 9.732312e-06 5.731341e-08 2.700532e-05  33.1%
Macro                0.000000e+00 0.000000e+00 0.000000e+00 0.000000e+00   0.0%
Pad                  0.000000e+00 0.000000e+00 0.000000e+00 0.000000e+00   0.0%
------------------------------------------------------------------------
Total                5.924777e-05 2.119066e-05 1.046867e-06 8.148528e-05 100.0%
                            72.7%        26.0%         1.3%

