Clock: clk
Sources: clk 
Generated: no
Virtual: no
Propagated: no
Period: 25.000000

===========================================================================
report_clock_properties
============================================================================
Clock                   Period          Waveform
----------------------------------------------------
clk                  25.000000    0.000000 12.500000

===========================================================================
report_clock_latency
============================================================================
Clock clk
rise -> rise
    min     max
0.000000 0.000000 source latency
0.292924         network latency _286_/CLK
        0.292924 network latency _286_/CLK
---------------
0.292924 0.292924 latency
        0.000000 skew

fall -> fall
    min     max
0.000000 0.000000 source latency
0.136637         network latency _286_/CLK
        0.136637 network latency _286_/CLK
---------------
0.136637 0.136637 latency
        0.000000 skew



===========================================================================
report_clock_min_period
============================================================================
clk period_min = 4.29 fmax = 233.02
