
===========================================================================
 report_power
============================================================================
======================= max_tt_025C_1v80 Corner ===================================

Group                    Internal    Switching      Leakage        Total
                            Power        Power        Power        Power (Watts)
------------------------------------------------------------------------
Sequential           4.605772e-05 1.256102e-06 3.023115e-10 4.731413e-05  46.2%
Combinational        8.010446e-06 1.342892e-05 3.505400e-10 2.143972e-05  20.9%
Clock                2.104503e-05 1.267126e-05 3.123734e-10 3.371661e-05  32.9%
Macro                0.000000e+00 0.000000e+00 0.000000e+00 0.000000e+00   0.0%
Pad                  0.000000e+00 0.000000e+00 0.000000e+00 0.000000e+00   0.0%
------------------------------------------------------------------------
Total                7.511321e-05 2.735629e-05 9.652255e-10 1.024705e-04 100.0%
                            73.3%        26.7%         0.0%

