
===========================================================================
 report_power
============================================================================
======================= nom_tt_025C_1v80 Corner ===================================

Group                    Internal    Switching      Leakage        Total
                            Power        Power        Power        Power (Watts)
------------------------------------------------------------------------
Sequential           4.608377e-05 1.119398e-06 3.023115e-10 4.720347e-05  47.5%
Combinational        7.993041e-06 1.252365e-05 3.505400e-10 2.051705e-05  20.6%
Clock                2.096023e-05 1.075514e-05 1.536107e-10 3.171552e-05  31.9%
Macro                0.000000e+00 0.000000e+00 0.000000e+00 0.000000e+00   0.0%
Pad                  0.000000e+00 0.000000e+00 0.000000e+00 0.000000e+00   0.0%
------------------------------------------------------------------------
Total                7.503705e-05 2.439819e-05 8.064616e-10 9.943605e-05 100.0%
                            75.5%        24.5%         0.0%
Writing metric power__internal__total: 7.503704546252266e-5
Writing metric power__switching__total: 2.439819036226254e-5
Writing metric power__leakage__total: 8.064616197067664e-10
Writing metric power__total: 9.943604527506977e-5

