Clock: clk
Sources: clk 
Generated: no
Virtual: yes
Propagated: no
Period: 25.000000

===========================================================================
report_clock_properties
============================================================================
Clock                   Period          Waveform
----------------------------------------------------
clk                  25.000000    0.000000 12.500000

===========================================================================
report_clock_latency
============================================================================
Clock clk
rise -> rise
    min     max
0.000000 0.000000 source latency
0.227944         network latency _178_/CLK
        0.232502 network latency _166_/CLK
---------------
0.227944 0.232502 latency
        0.004557 skew

fall -> fall
    min     max
0.000000 0.000000 source latency
0.216670         network latency _178_/CLK
        0.220545 network latency _166_/CLK
---------------
0.216670 0.220545 latency
        0.003875 skew



===========================================================================
report_clock_min_period
============================================================================
clk period_min = 2.82 fmax = 355.08
