
===========================================================================
 report_power
============================================================================
======================= max_ff_n40C_1v95 Corner ===================================

Group                    Internal    Switching      Leakage        Total
                            Power        Power        Power        Power (Watts)
------------------------------------------------------------------------
Sequential           5.125321e-05 1.639379e-06 3.764110e-10 5.289296e-05  46.6%
Combinational        8.200363e-06 8.431432e-06 7.731322e-10 1.663257e-05  14.6%
Clock                2.789001e-05 1.614943e-05 5.312270e-10 4.403997e-05  38.8%
Macro                0.000000e+00 0.000000e+00 0.000000e+00 0.000000e+00   0.0%
Pad                  0.000000e+00 0.000000e+00 0.000000e+00 0.000000e+00   0.0%
------------------------------------------------------------------------
Total                8.734356e-05 2.622023e-05 1.680770e-09 1.135655e-04 100.0%
                            76.9%        23.1%         0.0%

