                                                                       Cells by Function                                                                        
┏━━━━━━━━━━━━━━━━━━━━━━━━━━━━━━━━━━━━━━━━━━━━━━━━━━━━━━━━━━━━━━━━━━━━━━━━━━━━━━━━━━━━━━━━━━━━━━━━━━━━━━━━━━━━━━━━━━━━━━━━━━━━━━━━┳━━━━━━━━━━━━━━━━━━━━━━━━━━━━━┓
┃ Cell Function                                                                                                                  ┃ Count                       ┃
┡━━━━━━━━━━━━━━━━━━━━━━━━━━━━━━━━━━━━━━━━━━━━━━━━━━━━━━━━━━━━━━━━━━━━━━━━━━━━━━━━━━━━━━━━━━━━━━━━━━━━━━━━━━━━━━━━━━━━━━━━━━━━━━━━╇━━━━━━━━━━━━━━━━━━━━━━━━━━━━━┩
│ sky130_ef_sc_hd__decap                                                                                                         │ 30                          │
│ sky130_fd_sc_hd__a21bo                                                                                                         │ 5                           │
│ sky130_fd_sc_hd__a21boi                                                                                                        │ 2                           │
│ sky130_fd_sc_hd__a21oi                                                                                                         │ 5                           │
│ sky130_fd_sc_hd__and2                                                                                                          │ 3                           │
│ sky130_fd_sc_hd__and2b                                                                                                         │ 17                          │
│ sky130_fd_sc_hd__and3                                                                                                          │ 1                           │
│ sky130_fd_sc_hd__and3b                                                                                                         │ 4                           │
│ sky130_fd_sc_hd__buf                                                                                                           │ 11                          │
│ sky130_fd_sc_hd__clkbuf                                                                                                        │ 26                          │
│ sky130_fd_sc_hd__decap                                                                                                         │ 81                          │
│ sky130_fd_sc_hd__dfxtp                                                                                                         │ 26                          │
│ sky130_fd_sc_hd__dlygate4sd3                                                                                                   │ 9                           │
│ sky130_fd_sc_hd__fill                                                                                                          │ 61                          │
│ sky130_fd_sc_hd__mux2                                                                                                          │ 17                          │
│ sky130_fd_sc_hd__nand2                                                                                                         │ 7                           │
│ sky130_fd_sc_hd__nand2b                                                                                                        │ 2                           │
│ sky130_fd_sc_hd__nand3b                                                                                                        │ 3                           │
│ sky130_fd_sc_hd__nor3                                                                                                          │ 1                           │
│ sky130_fd_sc_hd__o21a                                                                                                          │ 3                           │
│ sky130_fd_sc_hd__or2                                                                                                           │ 5                           │
│ sky130_fd_sc_hd__tapvpwrvgnd                                                                                                   │ 30                          │
│ sky130_fd_sc_hd__xnor2                                                                                                         │ 2                           │
│ sky130_fd_sc_hd__xor2                                                                                                          │ 2                           │
└────────────────────────────────────────────────────────────────────────────────────────────────────────────────────────────────┴─────────────────────────────┘
