
===========================================================================
 report_power
============================================================================
======================= max_ss_100C_1v60 Corner ===================================

Group                    Internal    Switching      Leakage        Total
                            Power        Power        Power        Power (Watts)
------------------------------------------------------------------------
Sequential           6.580435e-05 1.838531e-06 7.050650e-07 6.834794e-05  46.8%
Combinational        1.052496e-05 1.270866e-05 1.084067e-06 2.431768e-05  16.7%
Clock                3.335318e-05 1.975055e-05 1.175363e-07 5.322127e-05  36.5%
Macro                0.000000e+00 0.000000e+00 0.000000e+00 0.000000e+00   0.0%
Pad                  0.000000e+00 0.000000e+00 0.000000e+00 0.000000e+00   0.0%
------------------------------------------------------------------------
Total                1.096825e-04 3.429774e-05 1.906669e-06 1.458869e-04 100.0%
                            75.2%        23.5%         1.3%

